..F...                                                                   [100%]
=================================== FAILURES ===================================
___ TestTranscriptWritePatience.test_exhausted_patience_names_the_real_cause ___

self = <test_write_lock_patience.TestTranscriptWritePatience object at 0x7837726d5490>
db = <hermes_state.SessionDB object at 0x783772355f90>
monkeypatch = <_pytest.monkeypatch.MonkeyPatch object at 0x783772bfe690>

    def test_exhausted_patience_names_the_real_cause(self, db, monkeypatch):
        """When patience genuinely runs out, the error must say the lock was
        held by another process — not read like disk/permission damage."""
        monkeypatch.setattr(SessionDB, "_WRITE_PATIENCE_S", 0.2)
    
        started = threading.Event()
        holder = threading.Thread(
            target=_hold_write_lock, args=(db.db_path, 2.0, started)
        )
        holder.start()
        try:
            assert started.wait(5.0)
>           with pytest.raises(sqlite3.OperationalError) as excinfo:
E           Failed: DID NOT RAISE OperationalError

tests/state/test_write_lock_patience.py:96: Failed
=========================== short test summary info ============================
FAILED tests/state/test_write_lock_patience.py::TestTranscriptWritePatience::test_exhausted_patience_names_the_real_cause
1 failed, 5 passed in 28.86s
